[09:00:59] START parity_check_phase3 | jax 0.10.2
[09:00:59] NSF transplant
[09:00:59]   maf0 mask0: max|Δ|=0.000e+00 tol=0.0e+00 -> OK
[09:00:59]   maf0 mask1: max|Δ|=0.000e+00 tol=0.0e+00 -> OK
[09:00:59]   maf0 mask2: max|Δ|=0.000e+00 tol=0.0e+00 -> OK
[09:00:59]   maf1 mask0: max|Δ|=0.000e+00 tol=0.0e+00 -> OK
[09:00:59]   maf1 mask1: max|Δ|=0.000e+00 tol=0.0e+00 -> OK
[09:00:59]   maf1 mask2: max|Δ|=0.000e+00 tol=0.0e+00 -> OK
[09:00:59]   maf2 mask0: max|Δ|=0.000e+00 tol=0.0e+00 -> OK
[09:00:59]   maf2 mask1: max|Δ|=0.000e+00 tol=0.0e+00 -> OK
[09:00:59]   maf2 mask2: max|Δ|=0.000e+00 tol=0.0e+00 -> OK
[09:01:01]   y: max|Δ|=2.665e-15 tol=1.0e-09 -> OK
[09:01:01]   ladj: max|Δ|=7.827e-15 tol=1.0e-09 -> OK
[09:01:01]   x_back: max|Δ|=1.776e-15 tol=1.0e-09 -> OK
[09:01:01] NCSF transplant
[09:01:01]   y: max|Δ|=3.553e-15 tol=1.0e-09 -> OK
[09:01:01]   ladj: max|Δ|=2.720e-15 tol=1.0e-09 -> OK
[09:01:01]   x_back: max|Δ|=3.553e-15 tol=1.0e-09 -> OK
[09:01:01] RealNVP (lu) transplant
[09:01:01]   gct0 mask: max|Δ|=0.000e+00 tol=0.0e+00 -> OK
[09:01:01]   gct1 mask: max|Δ|=0.000e+00 tol=0.0e+00 -> OK
[09:01:01]   gct2 mask: max|Δ|=0.000e+00 tol=0.0e+00 -> OK
[09:01:02]   y: max|Δ|=8.882e-16 tol=1.0e-09 -> OK
[09:01:02]   ladj: max|Δ|=1.943e-16 tol=1.0e-09 -> OK
[09:01:02]   x_back: max|Δ|=1.776e-15 tol=1.0e-09 -> OK
[09:01:02] RealNVP (rotation) transplant
[09:01:02]   gct0 mask: max|Δ|=0.000e+00 tol=0.0e+00 -> OK
[09:01:02]   gct1 mask: max|Δ|=0.000e+00 tol=0.0e+00 -> OK
[09:01:02]   gct2 mask: max|Δ|=0.000e+00 tol=0.0e+00 -> OK
[09:01:02]   y: max|Δ|=8.882e-16 tol=1.0e-09 -> OK
[09:01:02]   ladj: max|Δ|=3.331e-16 tol=1.0e-09 -> OK
[09:01:02]   x_back: max|Δ|=1.554e-15 tol=1.0e-09 -> OK
[09:01:02] CNF transplant
[09:01:03]   y: max|Δ|=1.110e-16 tol=1.0e-09 -> OK
[09:01:03]   ladj: max|Δ|=6.939e-18 tol=1.0e-09 -> OK
[09:01:03]   x_back: max|Δ|=1.665e-16 tol=1.0e-09 -> OK
[09:01:03] OTFlow transplant
[09:01:04]   y: max|Δ|=5.551e-17 tol=1.0e-09 -> OK
[09:01:04]   ladj: max|Δ|=1.776e-15 tol=1.0e-09 -> OK
[09:01:04]   x_back: max|Δ|=3.553e-15 tol=1.0e-09 -> OK
[09:01:04]   call_full cost: max|Δ|=4.441e-16 tol=1.0e-09 -> OK
[09:01:04]   call_full hjb: max|Δ|=4.441e-16 tol=1.0e-09 -> OK
[09:01:04] zeros() and filter_jit/filter_grad checks
[09:01:04]   NSF zeros() identity: max|Δ|=5.551e-17 tol=1.0e-09 -> OK
[09:01:04]   NSF zeros() ladj: max|Δ|=9.992e-16 tol=1.0e-09 -> OK
[09:01:05]   NSF filter_jit+filter_grad: 25 grad leaves, finite=True, any-nonzero=True -> OK
[09:01:05]   NCSF zeros() identity: max|Δ|=4.441e-16 tol=1.0e-09 -> OK
[09:01:05]   NCSF zeros() ladj: max|Δ|=6.661e-16 tol=1.0e-09 -> OK
[09:01:05]   NCSF filter_jit+filter_grad: 25 grad leaves, finite=True, any-nonzero=True -> OK
[09:01:05]   RealNVP zeros() identity: max|Δ|=0.000e+00 tol=1.0e-09 -> OK
[09:01:05]   RealNVP zeros() ladj: max|Δ|=0.000e+00 tol=1.0e-09 -> OK
[09:01:06]   RealNVP filter_jit+filter_grad: 20 grad leaves, finite=True, any-nonzero=True -> OK
[09:01:06]   CNF zeros() identity: max|Δ|=0.000e+00 tol=1.0e-09 -> OK
[09:01:06]   CNF zeros() ladj: max|Δ|=0.000e+00 tol=1.0e-09 -> OK
[09:01:07]   CNF filter_jit+filter_grad: 7 grad leaves, finite=True, any-nonzero=True -> OK
[09:01:07]   OTFlow zeros() identity: max|Δ|=0.000e+00 tol=1.0e-09 -> OK
[09:01:07]   OTFlow zeros() ladj: max|Δ|=0.000e+00 tol=1.0e-09 -> OK
[09:01:08]   OTFlow filter_jit+filter_grad: 9 grad leaves, finite=True, any-nonzero=True -> OK
[09:01:08] DONE — all Phase 3 parity checks passed
[09:10:31] START parity_check_phase3 | jax 0.10.2
[09:10:31] NSF transplant
[09:10:31]   maf0 mask0: max|Δ|=0.000e+00 tol=0.0e+00 -> OK
[09:10:31]   maf0 mask1: max|Δ|=0.000e+00 tol=0.0e+00 -> OK
[09:10:31]   maf0 mask2: max|Δ|=0.000e+00 tol=0.0e+00 -> OK
[09:10:31]   maf1 mask0: max|Δ|=0.000e+00 tol=0.0e+00 -> OK
[09:10:31]   maf1 mask1: max|Δ|=0.000e+00 tol=0.0e+00 -> OK
[09:10:31]   maf1 mask2: max|Δ|=0.000e+00 tol=0.0e+00 -> OK
[09:10:31]   maf2 mask0: max|Δ|=0.000e+00 tol=0.0e+00 -> OK
[09:10:31]   maf2 mask1: max|Δ|=0.000e+00 tol=0.0e+00 -> OK
[09:10:31]   maf2 mask2: max|Δ|=0.000e+00 tol=0.0e+00 -> OK
[09:10:32]   y: max|Δ|=2.665e-15 tol=1.0e-09 -> OK
[09:10:32]   ladj: max|Δ|=7.827e-15 tol=1.0e-09 -> OK
[09:10:33]   x_back: max|Δ|=1.776e-15 tol=1.0e-09 -> OK
[09:10:33] NCSF transplant
[09:10:33]   y: max|Δ|=3.553e-15 tol=1.0e-09 -> OK
[09:10:33]   ladj: max|Δ|=2.720e-15 tol=1.0e-09 -> OK
[09:10:33]   x_back: max|Δ|=3.553e-15 tol=1.0e-09 -> OK
[09:10:33] RealNVP (lu) transplant
[09:10:33]   gct0 mask: max|Δ|=0.000e+00 tol=0.0e+00 -> OK
[09:10:33]   gct1 mask: max|Δ|=0.000e+00 tol=0.0e+00 -> OK
[09:10:33]   gct2 mask: max|Δ|=0.000e+00 tol=0.0e+00 -> OK
[09:10:34]   y: max|Δ|=8.882e-16 tol=1.0e-09 -> OK
[09:10:34]   ladj: max|Δ|=1.943e-16 tol=1.0e-09 -> OK
[09:10:34]   x_back: max|Δ|=1.776e-15 tol=1.0e-09 -> OK
[09:10:34] RealNVP (rotation) transplant
[09:10:34]   gct0 mask: max|Δ|=0.000e+00 tol=0.0e+00 -> OK
[09:10:34]   gct1 mask: max|Δ|=0.000e+00 tol=0.0e+00 -> OK
[09:10:34]   gct2 mask: max|Δ|=0.000e+00 tol=0.0e+00 -> OK
[09:10:34]   y: max|Δ|=8.882e-16 tol=1.0e-09 -> OK
[09:10:34]   ladj: max|Δ|=3.331e-16 tol=1.0e-09 -> OK
[09:10:34]   x_back: max|Δ|=1.554e-15 tol=1.0e-09 -> OK
[09:10:34] CNF transplant
[09:10:35]   y: max|Δ|=1.110e-16 tol=1.0e-09 -> OK
[09:10:35]   ladj: max|Δ|=6.939e-18 tol=1.0e-09 -> OK
[09:10:35]   x_back: max|Δ|=1.665e-16 tol=1.0e-09 -> OK
[09:10:35] OTFlow transplant
[09:10:36]   y: max|Δ|=5.551e-17 tol=1.0e-09 -> OK
[09:10:36]   ladj: max|Δ|=1.776e-15 tol=1.0e-09 -> OK
[09:10:36]   x_back: max|Δ|=3.553e-15 tol=1.0e-09 -> OK
[09:10:36]   call_full cost: max|Δ|=4.441e-16 tol=1.0e-09 -> OK
[09:10:36]   call_full hjb: max|Δ|=4.441e-16 tol=1.0e-09 -> OK
[09:10:36] zeros() and filter_jit/filter_grad checks
[09:10:36]   NSF zeros() identity: max|Δ|=5.551e-17 tol=1.0e-09 -> OK
[09:10:36]   NSF zeros() ladj: max|Δ|=9.992e-16 tol=1.0e-09 -> OK
[09:10:37]   NSF filter_jit+filter_grad: 25 grad leaves, finite=True, any-nonzero=True -> OK
[09:10:37]   NCSF zeros() identity: max|Δ|=4.441e-16 tol=1.0e-09 -> OK
[09:10:37]   NCSF zeros() ladj: max|Δ|=6.661e-16 tol=1.0e-09 -> OK
[09:10:37]   NCSF filter_jit+filter_grad: 25 grad leaves, finite=True, any-nonzero=True -> OK
[09:10:37]   RealNVP zeros() identity: max|Δ|=0.000e+00 tol=1.0e-09 -> OK
[09:10:37]   RealNVP zeros() ladj: max|Δ|=0.000e+00 tol=1.0e-09 -> OK
[09:10:38]   RealNVP filter_jit+filter_grad: 20 grad leaves, finite=True, any-nonzero=True -> OK
[09:10:38]   CNF zeros() identity: max|Δ|=0.000e+00 tol=1.0e-09 -> OK
[09:10:38]   CNF zeros() ladj: max|Δ|=0.000e+00 tol=1.0e-09 -> OK
[09:10:39]   CNF filter_jit+filter_grad: 7 grad leaves, finite=True, any-nonzero=True -> OK
[09:10:39]   OTFlow zeros() identity: max|Δ|=0.000e+00 tol=1.0e-09 -> OK
[09:10:39]   OTFlow zeros() ladj: max|Δ|=0.000e+00 tol=1.0e-09 -> OK
[09:10:40]   OTFlow filter_jit+filter_grad: 9 grad leaves, finite=True, any-nonzero=True -> OK
[09:10:40] DONE — all Phase 3 parity checks passed
[09:25:35] START parity_check_phase3 | jax 0.10.2 (gpu)
[09:25:35] NSF transplant
[09:25:36]   maf0 mask0: max|Δ|=0.000e+00 tol=0.0e+00 -> OK
[09:25:36]   maf0 mask1: max|Δ|=0.000e+00 tol=0.0e+00 -> OK
[09:25:36]   maf0 mask2: max|Δ|=0.000e+00 tol=0.0e+00 -> OK
[09:25:36]   maf1 mask0: max|Δ|=0.000e+00 tol=0.0e+00 -> OK
[09:25:36]   maf1 mask1: max|Δ|=0.000e+00 tol=0.0e+00 -> OK
[09:25:36]   maf1 mask2: max|Δ|=0.000e+00 tol=0.0e+00 -> OK
[09:25:36]   maf2 mask0: max|Δ|=0.000e+00 tol=0.0e+00 -> OK
[09:25:36]   maf2 mask1: max|Δ|=0.000e+00 tol=0.0e+00 -> OK
[09:25:36]   maf2 mask2: max|Δ|=0.000e+00 tol=0.0e+00 -> OK
[09:25:37]   y: max|Δ|=3.997e-15 tol=1.0e-09 -> OK
[09:25:37]   ladj: max|Δ|=3.275e-15 tol=1.0e-09 -> OK
[09:25:38]   x_back: max|Δ|=1.776e-15 tol=1.0e-09 -> OK
[09:25:38] NCSF transplant
[09:25:38]   y: max|Δ|=4.441e-15 tol=1.0e-09 -> OK
[09:25:38]   ladj: max|Δ|=7.022e-15 tol=1.0e-09 -> OK
[09:25:38]   x_back: max|Δ|=1.776e-15 tol=1.0e-09 -> OK
[09:25:38] RealNVP (lu) transplant
[09:25:39]   gct0 mask: max|Δ|=0.000e+00 tol=0.0e+00 -> OK
[09:25:39]   gct1 mask: max|Δ|=0.000e+00 tol=0.0e+00 -> OK
[09:25:39]   gct2 mask: max|Δ|=0.000e+00 tol=0.0e+00 -> OK
[09:25:39]   y: max|Δ|=8.882e-16 tol=1.0e-09 -> OK
[09:25:39]   ladj: max|Δ|=2.220e-16 tol=1.0e-09 -> OK
[09:25:40]   x_back: max|Δ|=1.332e-15 tol=1.0e-09 -> OK
[09:25:40] RealNVP (rotation) transplant
[09:25:40]   gct0 mask: max|Δ|=0.000e+00 tol=0.0e+00 -> OK
[09:25:40]   gct1 mask: max|Δ|=0.000e+00 tol=0.0e+00 -> OK
[09:25:40]   gct2 mask: max|Δ|=0.000e+00 tol=0.0e+00 -> OK
[09:25:40]   y: max|Δ|=8.882e-16 tol=1.0e-09 -> OK
[09:25:40]   ladj: max|Δ|=3.331e-16 tol=1.0e-09 -> OK
[09:25:40]   x_back: max|Δ|=2.220e-15 tol=1.0e-09 -> OK
[09:25:40] CNF transplant
[09:25:41]   y: max|Δ|=2.220e-16 tol=1.0e-09 -> OK
[09:25:41]   ladj: max|Δ|=6.939e-18 tol=1.0e-09 -> OK
[09:25:41]   x_back: max|Δ|=2.220e-16 tol=1.0e-09 -> OK
[09:25:41] OTFlow transplant
[09:25:41]   y: max|Δ|=1.110e-16 tol=1.0e-09 -> OK
[09:25:41]   ladj: max|Δ|=1.776e-15 tol=1.0e-09 -> OK
[09:25:42]   x_back: max|Δ|=8.327e-15 tol=1.0e-09 -> OK
[09:25:42]   call_full cost: max|Δ|=8.882e-16 tol=1.0e-09 -> OK
[09:25:42]   call_full hjb: max|Δ|=8.882e-16 tol=1.0e-09 -> OK
[09:25:42] zeros() and filter_jit/filter_grad checks
[09:25:42]   NSF zeros() identity: max|Δ|=5.551e-17 tol=1.0e-09 -> OK
[09:25:42]   NSF zeros() ladj: max|Δ|=9.992e-16 tol=1.0e-09 -> OK
[09:25:43]   NSF filter_jit+filter_grad: 25 grad leaves, finite=True, any-nonzero=True -> OK
[09:25:43]   NCSF zeros() identity: max|Δ|=4.441e-16 tol=1.0e-09 -> OK
[09:25:43]   NCSF zeros() ladj: max|Δ|=6.661e-16 tol=1.0e-09 -> OK
[09:25:44]   NCSF filter_jit+filter_grad: 25 grad leaves, finite=True, any-nonzero=True -> OK
[09:25:45]   RealNVP zeros() identity: max|Δ|=0.000e+00 tol=1.0e-09 -> OK
[09:25:45]   RealNVP zeros() ladj: max|Δ|=0.000e+00 tol=1.0e-09 -> OK
[09:25:46]   RealNVP filter_jit+filter_grad: 20 grad leaves, finite=True, any-nonzero=True -> OK
[09:25:46]   CNF zeros() identity: max|Δ|=0.000e+00 tol=1.0e-09 -> OK
[09:25:46]   CNF zeros() ladj: max|Δ|=0.000e+00 tol=1.0e-09 -> OK
[09:25:47]   CNF filter_jit+filter_grad: 7 grad leaves, finite=True, any-nonzero=True -> OK
[09:25:48]   OTFlow zeros() identity: max|Δ|=0.000e+00 tol=1.0e-09 -> OK
[09:25:48]   OTFlow zeros() ladj: max|Δ|=0.000e+00 tol=1.0e-09 -> OK
[09:25:49]   OTFlow filter_jit+filter_grad: 9 grad leaves, finite=True, any-nonzero=True -> OK
[09:25:49] DONE — all Phase 3 parity checks passed
[09:27:56] START parity_check_phase3 | jax 0.10.2 (gpu)
[09:27:56] NSF transplant
[09:27:57]   maf0 mask0: max|Δ|=0.000e+00 tol=0.0e+00 -> OK
[09:27:57]   maf0 mask1: max|Δ|=0.000e+00 tol=0.0e+00 -> OK
[09:27:57]   maf0 mask2: max|Δ|=0.000e+00 tol=0.0e+00 -> OK
[09:27:57]   maf1 mask0: max|Δ|=0.000e+00 tol=0.0e+00 -> OK
[09:27:57]   maf1 mask1: max|Δ|=0.000e+00 tol=0.0e+00 -> OK
[09:27:57]   maf1 mask2: max|Δ|=0.000e+00 tol=0.0e+00 -> OK
[09:27:57]   maf2 mask0: max|Δ|=0.000e+00 tol=0.0e+00 -> OK
[09:27:57]   maf2 mask1: max|Δ|=0.000e+00 tol=0.0e+00 -> OK
[09:27:57]   maf2 mask2: max|Δ|=0.000e+00 tol=0.0e+00 -> OK
[09:27:58]   y: max|Δ|=3.997e-15 tol=1.0e-09 -> OK
[09:27:58]   ladj: max|Δ|=3.275e-15 tol=1.0e-09 -> OK
[09:27:59]   x_back: max|Δ|=1.776e-15 tol=1.0e-09 -> OK
[09:27:59] NCSF transplant
[09:27:59]   y: max|Δ|=4.441e-15 tol=1.0e-09 -> OK
[09:27:59]   ladj: max|Δ|=7.022e-15 tol=1.0e-09 -> OK
[09:28:00]   x_back: max|Δ|=1.776e-15 tol=1.0e-09 -> OK
[09:28:00] RealNVP (lu) transplant
[09:28:00]   gct0 mask: max|Δ|=0.000e+00 tol=0.0e+00 -> OK
[09:28:00]   gct1 mask: max|Δ|=0.000e+00 tol=0.0e+00 -> OK
[09:28:00]   gct2 mask: max|Δ|=0.000e+00 tol=0.0e+00 -> OK
[09:28:01]   y: max|Δ|=8.882e-16 tol=1.0e-09 -> OK
[09:28:01]   ladj: max|Δ|=2.220e-16 tol=1.0e-09 -> OK
[09:28:01]   x_back: max|Δ|=1.332e-15 tol=1.0e-09 -> OK
[09:28:01] RealNVP (rotation) transplant
[09:28:01]   gct0 mask: max|Δ|=0.000e+00 tol=0.0e+00 -> OK
[09:28:01]   gct1 mask: max|Δ|=0.000e+00 tol=0.0e+00 -> OK
[09:28:01]   gct2 mask: max|Δ|=0.000e+00 tol=0.0e+00 -> OK
[09:28:01]   y: max|Δ|=8.882e-16 tol=1.0e-09 -> OK
[09:28:01]   ladj: max|Δ|=3.331e-16 tol=1.0e-09 -> OK
[09:28:01]   x_back: max|Δ|=2.220e-15 tol=1.0e-09 -> OK
[09:28:01] CNF transplant
[09:28:02]   y: max|Δ|=2.220e-16 tol=1.0e-09 -> OK
[09:28:02]   ladj: max|Δ|=6.939e-18 tol=1.0e-09 -> OK
[09:28:02]   x_back: max|Δ|=2.220e-16 tol=1.0e-09 -> OK
[09:28:02] OTFlow transplant
[09:28:03]   y: max|Δ|=1.110e-16 tol=1.0e-09 -> OK
[09:28:03]   ladj: max|Δ|=1.776e-15 tol=1.0e-09 -> OK
[09:28:03]   x_back: max|Δ|=8.327e-15 tol=1.0e-09 -> OK
[09:28:03]   call_full cost: max|Δ|=8.882e-16 tol=1.0e-09 -> OK
[09:28:03]   call_full hjb: max|Δ|=8.882e-16 tol=1.0e-09 -> OK
[09:28:03] zeros() and filter_jit/filter_grad checks
[09:28:03]   NSF zeros() identity: max|Δ|=5.551e-17 tol=1.0e-09 -> OK
[09:28:03]   NSF zeros() ladj: max|Δ|=9.992e-16 tol=1.0e-09 -> OK
[09:28:04]   NSF filter_jit+filter_grad: 25 grad leaves, finite=True, any-nonzero=True -> OK
[09:28:04]   NCSF zeros() identity: max|Δ|=4.441e-16 tol=1.0e-09 -> OK
[09:28:04]   NCSF zeros() ladj: max|Δ|=6.661e-16 tol=1.0e-09 -> OK
[09:28:05]   NCSF filter_jit+filter_grad: 25 grad leaves, finite=True, any-nonzero=True -> OK
[09:28:07]   RealNVP zeros() identity: max|Δ|=0.000e+00 tol=1.0e-09 -> OK
[09:28:07]   RealNVP zeros() ladj: max|Δ|=0.000e+00 tol=1.0e-09 -> OK
[09:28:08]   RealNVP filter_jit+filter_grad: 20 grad leaves, finite=True, any-nonzero=True -> OK
[09:28:08]   CNF zeros() identity: max|Δ|=0.000e+00 tol=1.0e-09 -> OK
[09:28:08]   CNF zeros() ladj: max|Δ|=0.000e+00 tol=1.0e-09 -> OK
[09:28:09]   CNF filter_jit+filter_grad: 7 grad leaves, finite=True, any-nonzero=True -> OK
[09:28:09]   OTFlow zeros() identity: max|Δ|=0.000e+00 tol=1.0e-09 -> OK
[09:28:09]   OTFlow zeros() ladj: max|Δ|=0.000e+00 tol=1.0e-09 -> OK
[09:28:10]   OTFlow filter_jit+filter_grad: 9 grad leaves, finite=True, any-nonzero=True -> OK
[09:28:10] DONE — all Phase 3 parity checks passed
[10:16:56] START parity_check_phase3 | jax 0.10.2 (gpu)
[10:16:56] NSF transplant
[10:16:57]   maf0 mask0: max|Δ|=0.000e+00 tol=0.0e+00 -> OK
[10:16:57]   maf0 mask1: max|Δ|=0.000e+00 tol=0.0e+00 -> OK
[10:16:57]   maf0 mask2: max|Δ|=0.000e+00 tol=0.0e+00 -> OK
[10:16:57]   maf1 mask0: max|Δ|=0.000e+00 tol=0.0e+00 -> OK
[10:16:57]   maf1 mask1: max|Δ|=0.000e+00 tol=0.0e+00 -> OK
[10:16:57]   maf1 mask2: max|Δ|=0.000e+00 tol=0.0e+00 -> OK
[10:16:57]   maf2 mask0: max|Δ|=0.000e+00 tol=0.0e+00 -> OK
[10:16:57]   maf2 mask1: max|Δ|=0.000e+00 tol=0.0e+00 -> OK
[10:16:57]   maf2 mask2: max|Δ|=0.000e+00 tol=0.0e+00 -> OK
[10:16:58]   y: max|Δ|=3.997e-15 tol=1.0e-09 -> OK
[10:16:58]   ladj: max|Δ|=3.275e-15 tol=1.0e-09 -> OK
[10:16:59]   x_back: max|Δ|=1.776e-15 tol=1.0e-09 -> OK
[10:16:59] NCSF machinery transplant (legacy composition)
[10:16:59]   y: max|Δ|=4.441e-15 tol=1.0e-09 -> OK
[10:16:59]   ladj: max|Δ|=7.022e-15 tol=1.0e-09 -> OK
[10:16:59]   x_back: max|Δ|=1.776e-15 tol=1.0e-09 -> OK
[10:16:59] RealNVP (lu) transplant
[10:17:00]   gct0 mask: max|Δ|=0.000e+00 tol=0.0e+00 -> OK
[10:17:00]   gct1 mask: max|Δ|=0.000e+00 tol=0.0e+00 -> OK
[10:17:00]   gct2 mask: max|Δ|=0.000e+00 tol=0.0e+00 -> OK
[10:17:01]   y: max|Δ|=8.882e-16 tol=1.0e-09 -> OK
[10:17:01]   ladj: max|Δ|=2.220e-16 tol=1.0e-09 -> OK
[10:17:01]   x_back: max|Δ|=1.332e-15 tol=1.0e-09 -> OK
[10:17:01] RealNVP (rotation) transplant
[10:17:01]   gct0 mask: max|Δ|=0.000e+00 tol=0.0e+00 -> OK
[10:17:01]   gct1 mask: max|Δ|=0.000e+00 tol=0.0e+00 -> OK
[10:17:01]   gct2 mask: max|Δ|=0.000e+00 tol=0.0e+00 -> OK
[10:17:01]   y: max|Δ|=8.882e-16 tol=1.0e-09 -> OK
[10:17:01]   ladj: max|Δ|=3.331e-16 tol=1.0e-09 -> OK
[10:17:01]   x_back: max|Δ|=2.220e-15 tol=1.0e-09 -> OK
[10:17:01] CNF transplant
[10:17:02]   y: max|Δ|=2.220e-16 tol=1.0e-09 -> OK
[10:17:02]   ladj: max|Δ|=6.939e-18 tol=1.0e-09 -> OK
[10:17:02]   x_back: max|Δ|=2.220e-16 tol=1.0e-09 -> OK
[10:17:02] OTFlow transplant
[10:17:02]   y: max|Δ|=1.110e-16 tol=1.0e-09 -> OK
[10:17:02]   ladj: max|Δ|=1.776e-15 tol=1.0e-09 -> OK
[10:17:03]   x_back: max|Δ|=8.327e-15 tol=1.0e-09 -> OK
[10:17:03]   call_full cost: max|Δ|=8.882e-16 tol=1.0e-09 -> OK
[10:17:03]   call_full hjb: max|Δ|=8.882e-16 tol=1.0e-09 -> OK
[10:17:03] zeros() and filter_jit/filter_grad checks
[10:17:03]   NSF zeros() identity: max|Δ|=5.551e-17 tol=1.0e-09 -> OK
[10:17:03]   NSF zeros() ladj: max|Δ|=9.992e-16 tol=1.0e-09 -> OK
[10:17:05]   NSF filter_jit+filter_grad: 25 grad leaves, finite=True, any-nonzero=True -> OK
[10:17:05]   NCSF zeros() identity: max|Δ|=4.441e-16 tol=1.0e-09 -> OK
[10:17:05]   NCSF zeros() ladj: max|Δ|=6.661e-16 tol=1.0e-09 -> OK
[10:17:06]   NCSF filter_jit+filter_grad: 25 grad leaves, finite=True, any-nonzero=True -> OK
[10:17:07]   RealNVP zeros() identity: max|Δ|=0.000e+00 tol=1.0e-09 -> OK
[10:17:07]   RealNVP zeros() ladj: max|Δ|=0.000e+00 tol=1.0e-09 -> OK
[10:17:08]   RealNVP filter_jit+filter_grad: 20 grad leaves, finite=True, any-nonzero=True -> OK
[10:17:08]   CNF zeros() identity: max|Δ|=0.000e+00 tol=1.0e-09 -> OK
[10:17:08]   CNF zeros() ladj: max|Δ|=0.000e+00 tol=1.0e-09 -> OK
[10:17:09]   CNF filter_jit+filter_grad: 7 grad leaves, finite=True, any-nonzero=True -> OK
[10:17:09]   OTFlow zeros() identity: max|Δ|=0.000e+00 tol=1.0e-09 -> OK
[10:17:09]   OTFlow zeros() ladj: max|Δ|=0.000e+00 tol=1.0e-09 -> OK
[10:17:11]   OTFlow filter_jit+filter_grad: 9 grad leaves, finite=True, any-nonzero=True -> OK
[10:17:11] DONE — all Phase 3 parity checks passed
[12:23:26] START parity_check_phase3 | jax 0.10.2 (gpu)
[12:23:26] NSF transplant
[12:23:26]   maf0 mask0: max|Δ|=0.000e+00 tol=0.0e+00 -> OK
[12:23:26]   maf0 mask1: max|Δ|=0.000e+00 tol=0.0e+00 -> OK
[12:23:26]   maf0 mask2: max|Δ|=0.000e+00 tol=0.0e+00 -> OK
[12:23:26]   maf1 mask0: max|Δ|=0.000e+00 tol=0.0e+00 -> OK
[12:23:26]   maf1 mask1: max|Δ|=0.000e+00 tol=0.0e+00 -> OK
[12:23:26]   maf1 mask2: max|Δ|=0.000e+00 tol=0.0e+00 -> OK
[12:23:26]   maf2 mask0: max|Δ|=0.000e+00 tol=0.0e+00 -> OK
[12:23:26]   maf2 mask1: max|Δ|=0.000e+00 tol=0.0e+00 -> OK
[12:23:26]   maf2 mask2: max|Δ|=0.000e+00 tol=0.0e+00 -> OK
[12:23:28]   y: max|Δ|=3.997e-15 tol=1.0e-09 -> OK
[12:23:28]   ladj: max|Δ|=3.275e-15 tol=1.0e-09 -> OK
[12:23:28]   x_back: max|Δ|=1.776e-15 tol=1.0e-09 -> OK
[12:23:28] NCSF machinery transplant (legacy composition)
[12:23:28]   y: max|Δ|=4.441e-15 tol=1.0e-09 -> OK
[12:23:28]   ladj: max|Δ|=7.022e-15 tol=1.0e-09 -> OK
[12:23:29]   x_back: max|Δ|=1.776e-15 tol=1.0e-09 -> OK
[12:23:29] RealNVP (lu) transplant
[12:23:29]   gct0 mask: max|Δ|=0.000e+00 tol=0.0e+00 -> OK
[12:23:29]   gct1 mask: max|Δ|=0.000e+00 tol=0.0e+00 -> OK
[12:23:29]   gct2 mask: max|Δ|=0.000e+00 tol=0.0e+00 -> OK
[12:23:30]   y: max|Δ|=8.882e-16 tol=1.0e-09 -> OK
[12:23:30]   ladj: max|Δ|=2.220e-16 tol=1.0e-09 -> OK
[12:23:30]   x_back: max|Δ|=1.332e-15 tol=1.0e-09 -> OK
[12:23:30] RealNVP (rotation) transplant
[12:23:30]   gct0 mask: max|Δ|=0.000e+00 tol=0.0e+00 -> OK
[12:23:30]   gct1 mask: max|Δ|=0.000e+00 tol=0.0e+00 -> OK
[12:23:30]   gct2 mask: max|Δ|=0.000e+00 tol=0.0e+00 -> OK
[12:23:30]   y: max|Δ|=8.882e-16 tol=1.0e-09 -> OK
[12:23:30]   ladj: max|Δ|=3.331e-16 tol=1.0e-09 -> OK
[12:23:30]   x_back: max|Δ|=2.220e-15 tol=1.0e-09 -> OK
[12:23:30] CNF transplant
[12:23:31]   y: max|Δ|=2.220e-16 tol=1.0e-09 -> OK
[12:23:31]   ladj: max|Δ|=6.939e-18 tol=1.0e-09 -> OK
[12:23:31]   x_back: max|Δ|=2.220e-16 tol=1.0e-09 -> OK
[12:23:31] OTFlow transplant
[12:23:32]   y: max|Δ|=1.110e-16 tol=1.0e-09 -> OK
[12:23:32]   ladj: max|Δ|=1.776e-15 tol=1.0e-09 -> OK
[12:23:32]   x_back: max|Δ|=8.327e-15 tol=1.0e-09 -> OK
[12:23:32]   call_full cost: max|Δ|=8.882e-16 tol=1.0e-09 -> OK
[12:23:32]   call_full hjb: max|Δ|=8.882e-16 tol=1.0e-09 -> OK
[12:23:32] zeros() and filter_jit/filter_grad checks
[12:23:32]   NSF zeros() identity: max|Δ|=5.551e-17 tol=1.0e-09 -> OK
[12:23:32]   NSF zeros() ladj: max|Δ|=9.992e-16 tol=1.0e-09 -> OK
[12:23:34]   NSF filter_jit+filter_grad: 25 grad leaves, finite=True, any-nonzero=True -> OK
[12:23:34]   NCSF zeros() identity: max|Δ|=4.441e-16 tol=1.0e-09 -> OK
[12:23:34]   NCSF zeros() ladj: max|Δ|=6.661e-16 tol=1.0e-09 -> OK
[12:23:35]   NCSF filter_jit+filter_grad: 25 grad leaves, finite=True, any-nonzero=True -> OK
[12:23:36]   RealNVP zeros() identity: max|Δ|=0.000e+00 tol=1.0e-09 -> OK
[12:23:36]   RealNVP zeros() ladj: max|Δ|=0.000e+00 tol=1.0e-09 -> OK
[12:23:37]   RealNVP filter_jit+filter_grad: 20 grad leaves, finite=True, any-nonzero=True -> OK
[12:23:37]   CNF zeros() identity: max|Δ|=0.000e+00 tol=1.0e-09 -> OK
[12:23:37]   CNF zeros() ladj: max|Δ|=0.000e+00 tol=1.0e-09 -> OK
[12:23:38]   CNF filter_jit+filter_grad: 7 grad leaves, finite=True, any-nonzero=True -> OK
[12:23:38]   OTFlow zeros() identity: max|Δ|=0.000e+00 tol=1.0e-09 -> OK
[12:23:38]   OTFlow zeros() ladj: max|Δ|=0.000e+00 tol=1.0e-09 -> OK
[12:23:40]   OTFlow filter_jit+filter_grad: 9 grad leaves, finite=True, any-nonzero=True -> OK
[12:23:40] DONE — all Phase 3 parity checks passed
[12:41:20] START parity_check_phase3 | jax 0.10.2 (gpu)
[12:41:20] NSF transplant
[12:41:20]   maf0 mask0: max|Δ|=0.000e+00 tol=0.0e+00 -> OK
[12:41:20]   maf0 mask1: max|Δ|=0.000e+00 tol=0.0e+00 -> OK
[12:41:20]   maf0 mask2: max|Δ|=0.000e+00 tol=0.0e+00 -> OK
[12:41:20]   maf1 mask0: max|Δ|=0.000e+00 tol=0.0e+00 -> OK
[12:41:20]   maf1 mask1: max|Δ|=0.000e+00 tol=0.0e+00 -> OK
[12:41:20]   maf1 mask2: max|Δ|=0.000e+00 tol=0.0e+00 -> OK
[12:41:20]   maf2 mask0: max|Δ|=0.000e+00 tol=0.0e+00 -> OK
[12:41:20]   maf2 mask1: max|Δ|=0.000e+00 tol=0.0e+00 -> OK
[12:41:20]   maf2 mask2: max|Δ|=0.000e+00 tol=0.0e+00 -> OK
[12:41:22]   y: max|Δ|=3.997e-15 tol=1.0e-09 -> OK
[12:41:22]   ladj: max|Δ|=3.275e-15 tol=1.0e-09 -> OK
[12:41:22]   x_back: max|Δ|=1.776e-15 tol=1.0e-09 -> OK
[12:41:22] NCSF machinery transplant (legacy composition)
[12:41:22]   y: max|Δ|=4.441e-15 tol=1.0e-09 -> OK
[12:41:22]   ladj: max|Δ|=7.022e-15 tol=1.0e-09 -> OK
[12:41:23]   x_back: max|Δ|=1.776e-15 tol=1.0e-09 -> OK
[12:41:23] RealNVP (lu) transplant
[12:41:23]   gct0 mask: max|Δ|=0.000e+00 tol=0.0e+00 -> OK
[12:41:23]   gct1 mask: max|Δ|=0.000e+00 tol=0.0e+00 -> OK
[12:41:23]   gct2 mask: max|Δ|=0.000e+00 tol=0.0e+00 -> OK
[12:41:24]   y: max|Δ|=8.882e-16 tol=1.0e-09 -> OK
[12:41:24]   ladj: max|Δ|=2.220e-16 tol=1.0e-09 -> OK
[12:41:24]   x_back: max|Δ|=1.332e-15 tol=1.0e-09 -> OK
[12:41:24] RealNVP (rotation) transplant
[12:41:24]   gct0 mask: max|Δ|=0.000e+00 tol=0.0e+00 -> OK
[12:41:24]   gct1 mask: max|Δ|=0.000e+00 tol=0.0e+00 -> OK
[12:41:24]   gct2 mask: max|Δ|=0.000e+00 tol=0.0e+00 -> OK
[12:41:24]   y: max|Δ|=8.882e-16 tol=1.0e-09 -> OK
[12:41:24]   ladj: max|Δ|=3.331e-16 tol=1.0e-09 -> OK
[12:41:25]   x_back: max|Δ|=2.220e-15 tol=1.0e-09 -> OK
[12:41:25] CNF transplant
[12:41:25]   y: max|Δ|=2.220e-16 tol=1.0e-09 -> OK
[12:41:25]   ladj: max|Δ|=6.939e-18 tol=1.0e-09 -> OK
[12:41:25]   x_back: max|Δ|=2.220e-16 tol=1.0e-09 -> OK
[12:41:25] OTFlow transplant
[12:41:26]   y: max|Δ|=1.110e-16 tol=1.0e-09 -> OK
[12:41:26]   ladj: max|Δ|=1.776e-15 tol=1.0e-09 -> OK
[12:41:26]   x_back: max|Δ|=8.327e-15 tol=1.0e-09 -> OK
[12:41:26]   call_full cost: max|Δ|=8.882e-16 tol=1.0e-09 -> OK
[12:41:26]   call_full hjb: max|Δ|=8.882e-16 tol=1.0e-09 -> OK
[12:41:26] zeros() and filter_jit/filter_grad checks
[12:41:27]   NSF zeros() identity: max|Δ|=5.551e-17 tol=1.0e-09 -> OK
[12:41:27]   NSF zeros() ladj: max|Δ|=9.992e-16 tol=1.0e-09 -> OK
[12:41:28]   NSF filter_jit+filter_grad: 25 grad leaves, finite=True, any-nonzero=True -> OK
[12:41:28]   NCSF zeros() identity: max|Δ|=4.441e-16 tol=1.0e-09 -> OK
[12:41:28]   NCSF zeros() ladj: max|Δ|=6.661e-16 tol=1.0e-09 -> OK
[12:41:29]   NCSF filter_jit+filter_grad: 25 grad leaves, finite=True, any-nonzero=True -> OK
[12:41:30]   RealNVP zeros() identity: max|Δ|=0.000e+00 tol=1.0e-09 -> OK
[12:41:30]   RealNVP zeros() ladj: max|Δ|=0.000e+00 tol=1.0e-09 -> OK
[12:41:32]   RealNVP filter_jit+filter_grad: 20 grad leaves, finite=True, any-nonzero=True -> OK
[12:41:32]   CNF zeros() identity: max|Δ|=0.000e+00 tol=1.0e-09 -> OK
[12:41:32]   CNF zeros() ladj: max|Δ|=0.000e+00 tol=1.0e-09 -> OK
[12:41:33]   CNF filter_jit+filter_grad: 7 grad leaves, finite=True, any-nonzero=True -> OK
[12:41:33]   OTFlow zeros() identity: max|Δ|=0.000e+00 tol=1.0e-09 -> OK
[12:41:33]   OTFlow zeros() ladj: max|Δ|=0.000e+00 tol=1.0e-09 -> OK
[12:41:34]   OTFlow filter_jit+filter_grad: 9 grad leaves, finite=True, any-nonzero=True -> OK
[12:41:34] DONE — all Phase 3 parity checks passed
[12:44:00] START parity_check_phase3 | jax 0.10.2 (gpu)
[12:44:00] NSF transplant
[12:44:01]   maf0 mask0: max|Δ|=0.000e+00 tol=0.0e+00 -> OK
[12:44:01]   maf0 mask1: max|Δ|=0.000e+00 tol=0.0e+00 -> OK
[12:44:01]   maf0 mask2: max|Δ|=0.000e+00 tol=0.0e+00 -> OK
[12:44:01]   maf1 mask0: max|Δ|=0.000e+00 tol=0.0e+00 -> OK
[12:44:01]   maf1 mask1: max|Δ|=0.000e+00 tol=0.0e+00 -> OK
[12:44:01]   maf1 mask2: max|Δ|=0.000e+00 tol=0.0e+00 -> OK
[12:44:01]   maf2 mask0: max|Δ|=0.000e+00 tol=0.0e+00 -> OK
[12:44:01]   maf2 mask1: max|Δ|=0.000e+00 tol=0.0e+00 -> OK
[12:44:01]   maf2 mask2: max|Δ|=0.000e+00 tol=0.0e+00 -> OK
[12:44:03]   y: max|Δ|=3.997e-15 tol=1.0e-09 -> OK
[12:44:03]   ladj: max|Δ|=3.275e-15 tol=1.0e-09 -> OK
[12:44:04]   x_back: max|Δ|=1.776e-15 tol=1.0e-09 -> OK
[12:44:04] NCSF machinery transplant (legacy composition)
[12:44:04]   y: max|Δ|=4.441e-15 tol=1.0e-09 -> OK
[12:44:04]   ladj: max|Δ|=7.022e-15 tol=1.0e-09 -> OK
[12:44:04]   x_back: max|Δ|=1.776e-15 tol=1.0e-09 -> OK
[12:44:04] RealNVP (lu) transplant
[12:44:05]   gct0 mask: max|Δ|=0.000e+00 tol=0.0e+00 -> OK
[12:44:05]   gct1 mask: max|Δ|=0.000e+00 tol=0.0e+00 -> OK
[12:44:05]   gct2 mask: max|Δ|=0.000e+00 tol=0.0e+00 -> OK
[12:44:06]   y: max|Δ|=8.882e-16 tol=1.0e-09 -> OK
[12:44:06]   ladj: max|Δ|=2.220e-16 tol=1.0e-09 -> OK
[12:44:06]   x_back: max|Δ|=1.332e-15 tol=1.0e-09 -> OK
[12:44:06] RealNVP (rotation) transplant
[12:44:06]   gct0 mask: max|Δ|=0.000e+00 tol=0.0e+00 -> OK
[12:44:06]   gct1 mask: max|Δ|=0.000e+00 tol=0.0e+00 -> OK
[12:44:06]   gct2 mask: max|Δ|=0.000e+00 tol=0.0e+00 -> OK
[12:44:06]   y: max|Δ|=8.882e-16 tol=1.0e-09 -> OK
[12:44:06]   ladj: max|Δ|=3.331e-16 tol=1.0e-09 -> OK
[12:44:06]   x_back: max|Δ|=2.220e-15 tol=1.0e-09 -> OK
[12:44:06] CNF transplant
[12:44:07]   y: max|Δ|=2.220e-16 tol=1.0e-09 -> OK
[12:44:07]   ladj: max|Δ|=6.939e-18 tol=1.0e-09 -> OK
[12:44:07]   x_back: max|Δ|=2.220e-16 tol=1.0e-09 -> OK
[12:44:07] OTFlow transplant
[12:44:08]   y: max|Δ|=1.110e-16 tol=1.0e-09 -> OK
[12:44:08]   ladj: max|Δ|=1.776e-15 tol=1.0e-09 -> OK
[12:44:08]   x_back: max|Δ|=8.327e-15 tol=1.0e-09 -> OK
[12:44:08]   call_full cost: max|Δ|=8.882e-16 tol=1.0e-09 -> OK
[12:44:08]   call_full hjb: max|Δ|=8.882e-16 tol=1.0e-09 -> OK
[12:44:08] zeros() and filter_jit/filter_grad checks
[12:44:09]   NSF zeros() identity: max|Δ|=5.551e-17 tol=1.0e-09 -> OK
[12:44:09]   NSF zeros() ladj: max|Δ|=9.992e-16 tol=1.0e-09 -> OK
[12:44:10]   NSF filter_jit+filter_grad: 25 grad leaves, finite=True, any-nonzero=True -> OK
[12:44:11]   NCSF zeros() identity: max|Δ|=4.441e-16 tol=1.0e-09 -> OK
[12:44:11]   NCSF zeros() ladj: max|Δ|=6.661e-16 tol=1.0e-09 -> OK
[12:44:12]   NCSF filter_jit+filter_grad: 25 grad leaves, finite=True, any-nonzero=True -> OK
[12:44:13]   RealNVP zeros() identity: max|Δ|=0.000e+00 tol=1.0e-09 -> OK
[12:44:13]   RealNVP zeros() ladj: max|Δ|=0.000e+00 tol=1.0e-09 -> OK
[12:44:14]   RealNVP filter_jit+filter_grad: 20 grad leaves, finite=True, any-nonzero=True -> OK
[12:44:14]   CNF zeros() identity: max|Δ|=0.000e+00 tol=1.0e-09 -> OK
[12:44:14]   CNF zeros() ladj: max|Δ|=0.000e+00 tol=1.0e-09 -> OK
[12:44:15]   CNF filter_jit+filter_grad: 7 grad leaves, finite=True, any-nonzero=True -> OK
[12:44:15]   OTFlow zeros() identity: max|Δ|=0.000e+00 tol=1.0e-09 -> OK
[12:44:15]   OTFlow zeros() ladj: max|Δ|=0.000e+00 tol=1.0e-09 -> OK
[12:44:17]   OTFlow filter_jit+filter_grad: 9 grad leaves, finite=True, any-nonzero=True -> OK
[12:44:17] DONE — all Phase 3 parity checks passed
[15:03:24] START parity_check_phase3 | jax 0.10.2 (gpu)
[15:03:24] NSF transplant
[15:03:24]   maf0 mask0: max|Δ|=0.000e+00 tol=0.0e+00 -> OK
[15:03:24]   maf0 mask1: max|Δ|=0.000e+00 tol=0.0e+00 -> OK
[15:03:24]   maf0 mask2: max|Δ|=0.000e+00 tol=0.0e+00 -> OK
[15:03:25]   maf1 mask0: max|Δ|=0.000e+00 tol=0.0e+00 -> OK
[15:03:25]   maf1 mask1: max|Δ|=0.000e+00 tol=0.0e+00 -> OK
[15:03:25]   maf1 mask2: max|Δ|=0.000e+00 tol=0.0e+00 -> OK
[15:03:25]   maf2 mask0: max|Δ|=0.000e+00 tol=0.0e+00 -> OK
[15:03:25]   maf2 mask1: max|Δ|=0.000e+00 tol=0.0e+00 -> OK
[15:03:25]   maf2 mask2: max|Δ|=0.000e+00 tol=0.0e+00 -> OK
[15:03:26]   y: max|Δ|=3.997e-15 tol=1.0e-09 -> OK
[15:03:26]   ladj: max|Δ|=3.275e-15 tol=1.0e-09 -> OK
[15:03:27]   x_back: max|Δ|=1.776e-15 tol=1.0e-09 -> OK
[15:03:27] NCSF machinery transplant (legacy composition)
[15:03:27]   y: max|Δ|=4.441e-15 tol=1.0e-09 -> OK
[15:03:27]   ladj: max|Δ|=7.022e-15 tol=1.0e-09 -> OK
[15:03:27]   x_back: max|Δ|=1.776e-15 tol=1.0e-09 -> OK
[15:03:27] RealNVP (lu) transplant
[15:03:27]   gct0 mask: max|Δ|=0.000e+00 tol=0.0e+00 -> OK
[15:03:27]   gct1 mask: max|Δ|=0.000e+00 tol=0.0e+00 -> OK
[15:03:27]   gct2 mask: max|Δ|=0.000e+00 tol=0.0e+00 -> OK
[15:03:28]   y: max|Δ|=8.882e-16 tol=1.0e-09 -> OK
[15:03:28]   ladj: max|Δ|=2.220e-16 tol=1.0e-09 -> OK
[15:03:28]   x_back: max|Δ|=1.332e-15 tol=1.0e-09 -> OK
[15:03:28] RealNVP (rotation) transplant
[15:03:28]   gct0 mask: max|Δ|=0.000e+00 tol=0.0e+00 -> OK
[15:03:28]   gct1 mask: max|Δ|=0.000e+00 tol=0.0e+00 -> OK
[15:03:28]   gct2 mask: max|Δ|=0.000e+00 tol=0.0e+00 -> OK
[15:03:29]   y: max|Δ|=8.882e-16 tol=1.0e-09 -> OK
[15:03:29]   ladj: max|Δ|=3.331e-16 tol=1.0e-09 -> OK
[15:03:29]   x_back: max|Δ|=2.220e-15 tol=1.0e-09 -> OK
[15:03:29] CNF transplant
[15:03:30]   y: max|Δ|=2.220e-16 tol=1.0e-09 -> OK
[15:03:30]   ladj: max|Δ|=6.939e-18 tol=1.0e-09 -> OK
[15:03:30]   x_back: max|Δ|=2.220e-16 tol=1.0e-09 -> OK
[15:03:30] OTFlow transplant
[15:03:30]   y: max|Δ|=1.110e-16 tol=1.0e-09 -> OK
[15:03:30]   ladj: max|Δ|=1.776e-15 tol=1.0e-09 -> OK
[15:03:30]   x_back: max|Δ|=8.327e-15 tol=1.0e-09 -> OK
[15:03:31]   call_full cost: max|Δ|=8.882e-16 tol=1.0e-09 -> OK
[15:03:31]   call_full hjb: max|Δ|=8.882e-16 tol=1.0e-09 -> OK
[15:03:31] zeros() and filter_jit/filter_grad checks
[15:03:31]   NSF zeros() identity: max|Δ|=5.551e-17 tol=1.0e-09 -> OK
[15:03:31]   NSF zeros() ladj: max|Δ|=9.992e-16 tol=1.0e-09 -> OK
[15:03:32]   NSF filter_jit+filter_grad: 25 grad leaves, finite=True, any-nonzero=True -> OK
[15:03:33]   NCSF zeros() identity: max|Δ|=4.441e-16 tol=1.0e-09 -> OK
[15:03:33]   NCSF zeros() ladj: max|Δ|=6.661e-16 tol=1.0e-09 -> OK
[15:03:34]   NCSF filter_jit+filter_grad: 25 grad leaves, finite=True, any-nonzero=True -> OK
[15:03:35]   RealNVP zeros() identity: max|Δ|=0.000e+00 tol=1.0e-09 -> OK
[15:03:35]   RealNVP zeros() ladj: max|Δ|=0.000e+00 tol=1.0e-09 -> OK
[15:03:36]   RealNVP filter_jit+filter_grad: 20 grad leaves, finite=True, any-nonzero=True -> OK
[15:03:36]   CNF zeros() identity: max|Δ|=0.000e+00 tol=1.0e-09 -> OK
[15:03:36]   CNF zeros() ladj: max|Δ|=0.000e+00 tol=1.0e-09 -> OK
[15:03:37]   CNF filter_jit+filter_grad: 7 grad leaves, finite=True, any-nonzero=True -> OK
[15:03:37]   OTFlow zeros() identity: max|Δ|=0.000e+00 tol=1.0e-09 -> OK
[15:03:37]   OTFlow zeros() ladj: max|Δ|=0.000e+00 tol=1.0e-09 -> OK
[15:03:39]   OTFlow filter_jit+filter_grad: 9 grad leaves, finite=True, any-nonzero=True -> OK
[15:03:39] DONE — all Phase 3 parity checks passed
[15:08:19] START parity_check_phase3 | jax 0.10.2 (gpu)
[15:08:19] NSF transplant
[15:08:20]   maf0 mask0: max|Δ|=0.000e+00 tol=0.0e+00 -> OK
[15:08:20]   maf0 mask1: max|Δ|=0.000e+00 tol=0.0e+00 -> OK
[15:08:20]   maf0 mask2: max|Δ|=0.000e+00 tol=0.0e+00 -> OK
[15:08:20]   maf1 mask0: max|Δ|=0.000e+00 tol=0.0e+00 -> OK
[15:08:20]   maf1 mask1: max|Δ|=0.000e+00 tol=0.0e+00 -> OK
[15:08:20]   maf1 mask2: max|Δ|=0.000e+00 tol=0.0e+00 -> OK
[15:08:20]   maf2 mask0: max|Δ|=0.000e+00 tol=0.0e+00 -> OK
[15:08:20]   maf2 mask1: max|Δ|=0.000e+00 tol=0.0e+00 -> OK
[15:08:20]   maf2 mask2: max|Δ|=0.000e+00 tol=0.0e+00 -> OK
[15:08:21]   y: max|Δ|=3.997e-15 tol=1.0e-09 -> OK
[15:08:21]   ladj: max|Δ|=3.275e-15 tol=1.0e-09 -> OK
[15:08:22]   x_back: max|Δ|=1.776e-15 tol=1.0e-09 -> OK
[15:08:22] NCSF machinery transplant (legacy composition)
[15:08:22]   y: max|Δ|=4.441e-15 tol=1.0e-09 -> OK
[15:08:22]   ladj: max|Δ|=7.022e-15 tol=1.0e-09 -> OK
[15:08:22]   x_back: max|Δ|=1.776e-15 tol=1.0e-09 -> OK
[15:08:22] RealNVP (lu) transplant
[15:08:23]   gct0 mask: max|Δ|=0.000e+00 tol=0.0e+00 -> OK
[15:08:23]   gct1 mask: max|Δ|=0.000e+00 tol=0.0e+00 -> OK
[15:08:23]   gct2 mask: max|Δ|=0.000e+00 tol=0.0e+00 -> OK
[15:08:24]   y: max|Δ|=8.882e-16 tol=1.0e-09 -> OK
[15:08:24]   ladj: max|Δ|=2.220e-16 tol=1.0e-09 -> OK
[15:08:24]   x_back: max|Δ|=1.332e-15 tol=1.0e-09 -> OK
[15:08:24] RealNVP (rotation) transplant
[15:08:24]   gct0 mask: max|Δ|=0.000e+00 tol=0.0e+00 -> OK
[15:08:24]   gct1 mask: max|Δ|=0.000e+00 tol=0.0e+00 -> OK
[15:08:24]   gct2 mask: max|Δ|=0.000e+00 tol=0.0e+00 -> OK
[15:08:24]   y: max|Δ|=8.882e-16 tol=1.0e-09 -> OK
[15:08:24]   ladj: max|Δ|=3.331e-16 tol=1.0e-09 -> OK
[15:08:24]   x_back: max|Δ|=2.220e-15 tol=1.0e-09 -> OK
[15:08:24] CNF transplant
[15:08:25]   y: max|Δ|=2.220e-16 tol=1.0e-09 -> OK
[15:08:25]   ladj: max|Δ|=6.939e-18 tol=1.0e-09 -> OK
[15:08:25]   x_back: max|Δ|=2.220e-16 tol=1.0e-09 -> OK
[15:08:25] OTFlow transplant
[15:08:25]   y: max|Δ|=1.110e-16 tol=1.0e-09 -> OK
[15:08:25]   ladj: max|Δ|=1.776e-15 tol=1.0e-09 -> OK
[15:08:26]   x_back: max|Δ|=8.327e-15 tol=1.0e-09 -> OK
[15:08:26]   call_full cost: max|Δ|=8.882e-16 tol=1.0e-09 -> OK
[15:08:26]   call_full hjb: max|Δ|=8.882e-16 tol=1.0e-09 -> OK
[15:08:26] zeros() and filter_jit/filter_grad checks
[15:08:26]   NSF zeros() identity: max|Δ|=5.551e-17 tol=1.0e-09 -> OK
[15:08:26]   NSF zeros() ladj: max|Δ|=9.992e-16 tol=1.0e-09 -> OK
[15:08:28]   NSF filter_jit+filter_grad: 25 grad leaves, finite=True, any-nonzero=True -> OK
[15:08:28]   NCSF zeros() identity: max|Δ|=4.441e-16 tol=1.0e-09 -> OK
[15:08:28]   NCSF zeros() ladj: max|Δ|=6.661e-16 tol=1.0e-09 -> OK
[15:08:29]   NCSF filter_jit+filter_grad: 25 grad leaves, finite=True, any-nonzero=True -> OK
[15:08:30]   RealNVP zeros() identity: max|Δ|=0.000e+00 tol=1.0e-09 -> OK
[15:08:30]   RealNVP zeros() ladj: max|Δ|=0.000e+00 tol=1.0e-09 -> OK
[15:08:31]   RealNVP filter_jit+filter_grad: 20 grad leaves, finite=True, any-nonzero=True -> OK
[15:08:31]   CNF zeros() identity: max|Δ|=0.000e+00 tol=1.0e-09 -> OK
[15:08:31]   CNF zeros() ladj: max|Δ|=0.000e+00 tol=1.0e-09 -> OK
[15:08:32]   CNF filter_jit+filter_grad: 7 grad leaves, finite=True, any-nonzero=True -> OK
[15:08:32]   OTFlow zeros() identity: max|Δ|=0.000e+00 tol=1.0e-09 -> OK
[15:08:32]   OTFlow zeros() ladj: max|Δ|=0.000e+00 tol=1.0e-09 -> OK
[15:08:34]   OTFlow filter_jit+filter_grad: 9 grad leaves, finite=True, any-nonzero=True -> OK
[15:08:34] DONE — all Phase 3 parity checks passed
